{
  "body": "./schemas/title-only-item-schema.json",
  "schemaId": "https://schema-examples.com/title-only-item",
  "validationLevel": "CONTENT_TYPE"
}
